# cycles.log — حواف أسقطها Kahn لتكوينها دورات
# السطر: حافة | القاعدة/الثقة | سلسلتا الطرفين | سبب الإسقاط
984_أم البراهين|007.11 → 993_حواشي_اليوسي|018.13 | rule=tag_chain conf=0.5 | 984_أم البراهين ← 993_حواشي_اليوسي | تكوّن دورة (تعطّل الترتيب الطوبولوجي)
989_آداب_البحث_و_المناظرة|010.09 → 999_شرح_السلم|009.02 | rule=tag_chain conf=0.5 | 989_آداب_البحث_و_المناظرة ← 999_شرح_السلم | تكوّن دورة (تعطّل الترتيب الطوبولوجي)
10_الأجهوري|10-0065 → 783_عقيدة أهل السنة المستوى الأول|783-030-e03 | rule=tag_chain conf=0.7 | 10_الأجهوري ← 783_عقيدة أهل السنة المستوى الأول | تكوّن دورة (تعطّل الترتيب الطوبولوجي)
766_شرح متن السلم المنورق|006.04 → 999_شرح_السلم|009.19 | rule=tag_chain conf=0.7 | 766_شرح متن السلم المنورق ← 999_شرح_السلم | تكوّن دورة (تعطّل الترتيب الطوبولوجي)
766_شرح متن السلم المنورق|008.06 → 999_شرح_السلم|002.02 | rule=tag_chain conf=0.7 | 766_شرح متن السلم المنورق ← 999_شرح_السلم | تكوّن دورة (تعطّل الترتيب الطوبولوجي)
766_شرح متن السلم المنورق|008.06 → 999_شرح_السلم|002.03 | rule=tag_chain conf=0.7 | 766_شرح متن السلم المنورق ← 999_شرح_السلم | تكوّن دورة (تعطّل الترتيب الطوبولوجي)
766_شرح متن السلم المنورق|008.06 → 999_شرح_السلم|003.05 | rule=tag_chain conf=0.7 | 766_شرح متن السلم المنورق ← 999_شرح_السلم | تكوّن دورة (تعطّل الترتيب الطوبولوجي)
766_شرح متن السلم المنورق|008.06 → 999_شرح_السلم|006.08 | rule=tag_chain conf=0.7 | 766_شرح متن السلم المنورق ← 999_شرح_السلم | تكوّن دورة (تعطّل الترتيب الطوبولوجي)
766_شرح متن السلم المنورق|008.06 → 999_شرح_السلم|006.09 | rule=tag_chain conf=0.7 | 766_شرح متن السلم المنورق ← 999_شرح_السلم | تكوّن دورة (تعطّل الترتيب الطوبولوجي)
766_شرح متن السلم المنورق|008.06 → 999_شرح_السلم|006.10 | rule=tag_chain conf=0.7 | 766_شرح متن السلم المنورق ← 999_شرح_السلم | تكوّن دورة (تعطّل الترتيب الطوبولوجي)
766_شرح متن السلم المنورق|008.06 → 999_شرح_السلم|006.18 | rule=tag_chain conf=0.7 | 766_شرح متن السلم المنورق ← 999_شرح_السلم | تكوّن دورة (تعطّل الترتيب الطوبولوجي)
766_شرح متن السلم المنورق|008.06 → 999_شرح_السلم|006.19 | rule=tag_chain conf=0.7 | 766_شرح متن السلم المنورق ← 999_شرح_السلم | تكوّن دورة (تعطّل الترتيب الطوبولوجي)
766_شرح متن السلم المنورق|008.06 → 999_شرح_السلم|006.21 | rule=tag_chain conf=0.7 | 766_شرح متن السلم المنورق ← 999_شرح_السلم | تكوّن دورة (تعطّل الترتيب الطوبولوجي)
766_شرح متن السلم المنورق|008.06 → 999_شرح_السلم|007.13 | rule=tag_chain conf=0.7 | 766_شرح متن السلم المنورق ← 999_شرح_السلم | تكوّن دورة (تعطّل الترتيب الطوبولوجي)
766_شرح متن السلم المنورق|009.05 → 999_شرح_السلم|001.11 | rule=tag_chain conf=0.7 | 766_شرح متن السلم المنورق ← 999_شرح_السلم | تكوّن دورة (تعطّل الترتيب الطوبولوجي)
766_شرح متن السلم المنورق|009.05 → 999_شرح_السلم|001.19 | rule=tag_chain conf=0.7 | 766_شرح متن السلم المنورق ← 999_شرح_السلم | تكوّن دورة (تعطّل الترتيب الطوبولوجي)
766_شرح متن السلم المنورق|009.05 → 999_شرح_السلم|003.02 | rule=tag_chain conf=0.7 | 766_شرح متن السلم المنورق ← 999_شرح_السلم | تكوّن دورة (تعطّل الترتيب الطوبولوجي)
766_شرح متن السلم المنورق|009.05 → 999_شرح_السلم|003.17 | rule=tag_chain conf=0.7 | 766_شرح متن السلم المنورق ← 999_شرح_السلم | تكوّن دورة (تعطّل الترتيب الطوبولوجي)
766_شرح متن السلم المنورق|009.05 → 999_شرح_السلم|004.02 | rule=tag_chain conf=0.7 | 766_شرح متن السلم المنورق ← 999_شرح_السلم | تكوّن دورة (تعطّل الترتيب الطوبولوجي)
766_شرح متن السلم المنورق|009.05 → 999_شرح_السلم|006.05 | rule=tag_chain conf=0.7 | 766_شرح متن السلم المنورق ← 999_شرح_السلم | تكوّن دورة (تعطّل الترتيب الطوبولوجي)
766_شرح متن السلم المنورق|009.05 → 999_شرح_السلم|008.02 | rule=tag_chain conf=0.7 | 766_شرح متن السلم المنورق ← 999_شرح_السلم | تكوّن دورة (تعطّل الترتيب الطوبولوجي)
766_شرح متن السلم المنورق|009.05 → 999_شرح_السلم|009.03 | rule=tag_chain conf=0.7 | 766_شرح متن السلم المنورق ← 999_شرح_السلم | تكوّن دورة (تعطّل الترتيب الطوبولوجي)
766_شرح متن السلم المنورق|009.05 → 999_شرح_السلم|009.07 | rule=tag_chain conf=0.7 | 766_شرح متن السلم المنورق ← 999_شرح_السلم | تكوّن دورة (تعطّل الترتيب الطوبولوجي)
767_دورة النحو المستوى الأول|012.03 → 782_دورة النحو المستوى الرابع (شرح ابن عاقل|782-011-e01 | rule=tag_chain conf=0.7 | 767_دورة النحو المستوى الأول ← 782_دورة النحو المستوى الرابع (شرح ابن عاقل | تكوّن دورة (تعطّل الترتيب الطوبولوجي)
767_دورة النحو المستوى الأول|015.02 → 782_دورة النحو المستوى الرابع (شرح ابن عاقل|782-010-e03 | rule=tag_chain conf=0.7 | 767_دورة النحو المستوى الأول ← 782_دورة النحو المستوى الرابع (شرح ابن عاقل | تكوّن دورة (تعطّل الترتيب الطوبولوجي)
767_دورة النحو المستوى الأول|019.05 → 787_دورة النحو المستوى الثاني|787-028-e02 | rule=tag_chain conf=0.7 | 767_دورة النحو المستوى الأول ← 787_دورة النحو المستوى الثاني | تكوّن دورة (تعطّل الترتيب الطوبولوجي)
767_دورة النحو المستوى الأول|024.02 → 782_دورة النحو المستوى الرابع (شرح ابن عاقل|782-023-e04 | rule=tag_chain conf=0.7 | 767_دورة النحو المستوى الأول ← 782_دورة النحو المستوى الرابع (شرح ابن عاقل | تكوّن دورة (تعطّل الترتيب الطوبولوجي)
767_دورة النحو المستوى الأول|026.02 → 984_أم البراهين|003.05 | rule=tag_chain conf=0.7 | 767_دورة النحو المستوى الأول ← 984_أم البراهين | تكوّن دورة (تعطّل الترتيب الطوبولوجي)
767_دورة النحو المستوى الأول|026.02 → 984_أم البراهين|003.06 | rule=tag_chain conf=0.7 | 767_دورة النحو المستوى الأول ← 984_أم البراهين | تكوّن دورة (تعطّل الترتيب الطوبولوجي)
767_دورة النحو المستوى الأول|026.02 → 984_أم البراهين|004.01 | rule=tag_chain conf=0.7 | 767_دورة النحو المستوى الأول ← 984_أم البراهين | تكوّن دورة (تعطّل الترتيب الطوبولوجي)
767_دورة النحو المستوى الأول|026.02 → 984_أم البراهين|004.02 | rule=tag_chain conf=0.7 | 767_دورة النحو المستوى الأول ← 984_أم البراهين | تكوّن دورة (تعطّل الترتيب الطوبولوجي)
767_دورة النحو المستوى الأول|026.02 → 984_أم البراهين|004.03 | rule=tag_chain conf=0.7 | 767_دورة النحو المستوى الأول ← 984_أم البراهين | تكوّن دورة (تعطّل الترتيب الطوبولوجي)
767_دورة النحو المستوى الأول|027.02 → 796_دورة النحو المستوى الثالث (قطر الندى)|011.05 | rule=tag_chain conf=0.7 | 767_دورة النحو المستوى الأول ← 796_دورة النحو المستوى الثالث (قطر الندى) | تكوّن دورة (تعطّل الترتيب الطوبولوجي)
767_دورة النحو المستوى الأول|027.02 → 796_دورة النحو المستوى الثالث (قطر الندى)|011.07 | rule=tag_chain conf=0.7 | 767_دورة النحو المستوى الأول ← 796_دورة النحو المستوى الثالث (قطر الندى) | تكوّن دورة (تعطّل الترتيب الطوبولوجي)
767_دورة النحو المستوى الأول|027.04 → 782_دورة النحو المستوى الرابع (شرح ابن عاقل|782-027-e01 | rule=tag_chain conf=0.7 | 767_دورة النحو المستوى الأول ← 782_دورة النحو المستوى الرابع (شرح ابن عاقل | تكوّن دورة (تعطّل الترتيب الطوبولوجي)
782_دورة النحو المستوى الرابع (شرح ابن عاقل|782-005-e02 → 796_دورة النحو المستوى الثالث (قطر الندى)|008.08 | rule=tag_chain conf=0.7 | 782_دورة النحو المستوى الرابع (شرح ابن عاقل ← 796_دورة النحو المستوى الثالث (قطر الندى) | تكوّن دورة (تعطّل الترتيب الطوبولوجي)
782_دورة النحو المستوى الرابع (شرح ابن عاقل|782-006-e01 → 796_دورة النحو المستوى الثالث (قطر الندى)|002.09 | rule=tag_chain conf=0.7 | 782_دورة النحو المستوى الرابع (شرح ابن عاقل ← 796_دورة النحو المستوى الثالث (قطر الندى) | تكوّن دورة (تعطّل الترتيب الطوبولوجي)
782_دورة النحو المستوى الرابع (شرح ابن عاقل|782-013-e01 → 796_دورة النحو المستوى الثالث (قطر الندى)|020.04 | rule=tag_chain conf=0.7 | 782_دورة النحو المستوى الرابع (شرح ابن عاقل ← 796_دورة النحو المستوى الثالث (قطر الندى) | تكوّن دورة (تعطّل الترتيب الطوبولوجي)
782_دورة النحو المستوى الرابع (شرح ابن عاقل|782-014-e01 → 796_دورة النحو المستوى الثالث (قطر الندى)|022.02 | rule=tag_chain conf=0.7 | 782_دورة النحو المستوى الرابع (شرح ابن عاقل ← 796_دورة النحو المستوى الثالث (قطر الندى) | تكوّن دورة (تعطّل الترتيب الطوبولوجي)
782_دورة النحو المستوى الرابع (شرح ابن عاقل|782-016-e01 → 796_دورة النحو المستوى الثالث (قطر الندى)|014.05 | rule=tag_chain conf=0.7 | 782_دورة النحو المستوى الرابع (شرح ابن عاقل ← 796_دورة النحو المستوى الثالث (قطر الندى) | تكوّن دورة (تعطّل الترتيب الطوبولوجي)
989_آداب_البحث_و_المناظرة|002.06 → 999_شرح_السلم|008.11 | rule=tag_chain conf=0.7 | 989_آداب_البحث_و_المناظرة ← 999_شرح_السلم | تكوّن دورة (تعطّل الترتيب الطوبولوجي)
989_آداب_البحث_و_المناظرة|006.07 → 992_شرح_الرسالة_العضدية|021.07 | rule=tag_chain conf=0.7 | 989_آداب_البحث_و_المناظرة ← 992_شرح_الرسالة_العضدية | تكوّن دورة (تعطّل الترتيب الطوبولوجي)
989_آداب_البحث_و_المناظرة|006.07 → 999_شرح_السلم|007.06 | rule=tag_chain conf=0.7 | 989_آداب_البحث_و_المناظرة ← 999_شرح_السلم | تكوّن دورة (تعطّل الترتيب الطوبولوجي)
992_شرح_الرسالة_العضدية|015.03 → 999_شرح_السلم|009.08 | rule=tag_chain conf=0.7 | 992_شرح_الرسالة_العضدية ← 999_شرح_السلم | تكوّن دورة (تعطّل الترتيب الطوبولوجي)
992_شرح_الرسالة_العضدية|021.02 → 999_شرح_السلم|003.02 | rule=tag_chain conf=0.7 | 992_شرح_الرسالة_العضدية ← 999_شرح_السلم | تكوّن دورة (تعطّل الترتيب الطوبولوجي)
992_شرح_الرسالة_العضدية|021.07 → 999_شرح_السلم|008.16 | rule=tag_chain conf=0.7 | 992_شرح_الرسالة_العضدية ← 999_شرح_السلم | تكوّن دورة (تعطّل الترتيب الطوبولوجي)
993_حواشي_اليوسي|011.13 → 999_شرح_السلم|001.02 | rule=tag_chain conf=0.7 | 993_حواشي_اليوسي ← 999_شرح_السلم | تكوّن دورة (تعطّل الترتيب الطوبولوجي)
993_حواشي_اليوسي|011.13 → 999_شرح_السلم|001.03 | rule=tag_chain conf=0.7 | 993_حواشي_اليوسي ← 999_شرح_السلم | تكوّن دورة (تعطّل الترتيب الطوبولوجي)
993_حواشي_اليوسي|011.13 → 999_شرح_السلم|001.06 | rule=tag_chain conf=0.7 | 993_حواشي_اليوسي ← 999_شرح_السلم | تكوّن دورة (تعطّل الترتيب الطوبولوجي)
993_حواشي_اليوسي|011.13 → 999_شرح_السلم|001.13 | rule=tag_chain conf=0.7 | 993_حواشي_اليوسي ← 999_شرح_السلم | تكوّن دورة (تعطّل الترتيب الطوبولوجي)
993_حواشي_اليوسي|011.13 → 999_شرح_السلم|001.16 | rule=tag_chain conf=0.7 | 993_حواشي_اليوسي ← 999_شرح_السلم | تكوّن دورة (تعطّل الترتيب الطوبولوجي)
993_حواشي_اليوسي|011.13 → 999_شرح_السلم|002.13 | rule=tag_chain conf=0.7 | 993_حواشي_اليوسي ← 999_شرح_السلم | تكوّن دورة (تعطّل الترتيب الطوبولوجي)
993_حواشي_اليوسي|011.13 → 999_شرح_السلم|003.06 | rule=tag_chain conf=0.7 | 993_حواشي_اليوسي ← 999_شرح_السلم | تكوّن دورة (تعطّل الترتيب الطوبولوجي)
993_حواشي_اليوسي|011.13 → 999_شرح_السلم|003.14 | rule=tag_chain conf=0.7 | 993_حواشي_اليوسي ← 999_شرح_السلم | تكوّن دورة (تعطّل الترتيب الطوبولوجي)
993_حواشي_اليوسي|011.13 → 999_شرح_السلم|005.02 | rule=tag_chain conf=0.7 | 993_حواشي_اليوسي ← 999_شرح_السلم | تكوّن دورة (تعطّل الترتيب الطوبولوجي)
993_حواشي_اليوسي|011.13 → 999_شرح_السلم|005.04 | rule=tag_chain conf=0.7 | 993_حواشي_اليوسي ← 999_شرح_السلم | تكوّن دورة (تعطّل الترتيب الطوبولوجي)
993_حواشي_اليوسي|011.13 → 999_شرح_السلم|005.08 | rule=tag_chain conf=0.7 | 993_حواشي_اليوسي ← 999_شرح_السلم | تكوّن دورة (تعطّل الترتيب الطوبولوجي)
993_حواشي_اليوسي|011.13 → 999_شرح_السلم|006.03 | rule=tag_chain conf=0.7 | 993_حواشي_اليوسي ← 999_شرح_السلم | تكوّن دورة (تعطّل الترتيب الطوبولوجي)
993_حواشي_اليوسي|011.13 → 999_شرح_السلم|006.07 | rule=tag_chain conf=0.7 | 993_حواشي_اليوسي ← 999_شرح_السلم | تكوّن دورة (تعطّل الترتيب الطوبولوجي)
993_حواشي_اليوسي|011.13 → 999_شرح_السلم|006.13 | rule=tag_chain conf=0.7 | 993_حواشي_اليوسي ← 999_شرح_السلم | تكوّن دورة (تعطّل الترتيب الطوبولوجي)
993_حواشي_اليوسي|011.13 → 999_شرح_السلم|006.14 | rule=tag_chain conf=0.7 | 993_حواشي_اليوسي ← 999_شرح_السلم | تكوّن دورة (تعطّل الترتيب الطوبولوجي)
993_حواشي_اليوسي|011.13 → 999_شرح_السلم|007.06 | rule=tag_chain conf=0.7 | 993_حواشي_اليوسي ← 999_شرح_السلم | تكوّن دورة (تعطّل الترتيب الطوبولوجي)
993_حواشي_اليوسي|011.13 → 999_شرح_السلم|007.08 | rule=tag_chain conf=0.7 | 993_حواشي_اليوسي ← 999_شرح_السلم | تكوّن دورة (تعطّل الترتيب الطوبولوجي)
993_حواشي_اليوسي|012.16 → 999_شرح_السلم|001.04 | rule=tag_chain conf=0.7 | 993_حواشي_اليوسي ← 999_شرح_السلم | تكوّن دورة (تعطّل الترتيب الطوبولوجي)
993_حواشي_اليوسي|012.16 → 999_شرح_السلم|001.05 | rule=tag_chain conf=0.7 | 993_حواشي_اليوسي ← 999_شرح_السلم | تكوّن دورة (تعطّل الترتيب الطوبولوجي)
993_حواشي_اليوسي|012.16 → 999_شرح_السلم|001.09 | rule=tag_chain conf=0.7 | 993_حواشي_اليوسي ← 999_شرح_السلم | تكوّن دورة (تعطّل الترتيب الطوبولوجي)
993_حواشي_اليوسي|012.16 → 999_شرح_السلم|001.10 | rule=tag_chain conf=0.7 | 993_حواشي_اليوسي ← 999_شرح_السلم | تكوّن دورة (تعطّل الترتيب الطوبولوجي)
993_حواشي_اليوسي|012.16 → 999_شرح_السلم|001.14 | rule=tag_chain conf=0.7 | 993_حواشي_اليوسي ← 999_شرح_السلم | تكوّن دورة (تعطّل الترتيب الطوبولوجي)
993_حواشي_اليوسي|012.16 → 999_شرح_السلم|001.15 | rule=tag_chain conf=0.7 | 993_حواشي_اليوسي ← 999_شرح_السلم | تكوّن دورة (تعطّل الترتيب الطوبولوجي)
993_حواشي_اليوسي|012.16 → 999_شرح_السلم|001.17 | rule=tag_chain conf=0.7 | 993_حواشي_اليوسي ← 999_شرح_السلم | تكوّن دورة (تعطّل الترتيب الطوبولوجي)
993_حواشي_اليوسي|012.16 → 999_شرح_السلم|001.18 | rule=tag_chain conf=0.7 | 993_حواشي_اليوسي ← 999_شرح_السلم | تكوّن دورة (تعطّل الترتيب الطوبولوجي)
993_حواشي_اليوسي|012.16 → 999_شرح_السلم|002.04 | rule=tag_chain conf=0.7 | 993_حواشي_اليوسي ← 999_شرح_السلم | تكوّن دورة (تعطّل الترتيب الطوبولوجي)
993_حواشي_اليوسي|012.16 → 999_شرح_السلم|002.05 | rule=tag_chain conf=0.7 | 993_حواشي_اليوسي ← 999_شرح_السلم | تكوّن دورة (تعطّل الترتيب الطوبولوجي)
993_حواشي_اليوسي|012.16 → 999_شرح_السلم|002.06 | rule=tag_chain conf=0.7 | 993_حواشي_اليوسي ← 999_شرح_السلم | تكوّن دورة (تعطّل الترتيب الطوبولوجي)
993_حواشي_اليوسي|012.16 → 999_شرح_السلم|002.07 | rule=tag_chain conf=0.7 | 993_حواشي_اليوسي ← 999_شرح_السلم | تكوّن دورة (تعطّل الترتيب الطوبولوجي)
993_حواشي_اليوسي|012.16 → 999_شرح_السلم|002.08 | rule=tag_chain conf=0.7 | 993_حواشي_اليوسي ← 999_شرح_السلم | تكوّن دورة (تعطّل الترتيب الطوبولوجي)
993_حواشي_اليوسي|012.16 → 999_شرح_السلم|002.09 | rule=tag_chain conf=0.7 | 993_حواشي_اليوسي ← 999_شرح_السلم | تكوّن دورة (تعطّل الترتيب الطوبولوجي)
993_حواشي_اليوسي|012.16 → 999_شرح_السلم|002.10 | rule=tag_chain conf=0.7 | 993_حواشي_اليوسي ← 999_شرح_السلم | تكوّن دورة (تعطّل الترتيب الطوبولوجي)
993_حواشي_اليوسي|012.16 → 999_شرح_السلم|002.11 | rule=tag_chain conf=0.7 | 993_حواشي_اليوسي ← 999_شرح_السلم | تكوّن دورة (تعطّل الترتيب الطوبولوجي)
993_حواشي_اليوسي|012.16 → 999_شرح_السلم|002.12 | rule=tag_chain conf=0.7 | 993_حواشي_اليوسي ← 999_شرح_السلم | تكوّن دورة (تعطّل الترتيب الطوبولوجي)
993_حواشي_اليوسي|012.16 → 999_شرح_السلم|003.03 | rule=tag_chain conf=0.7 | 993_حواشي_اليوسي ← 999_شرح_السلم | تكوّن دورة (تعطّل الترتيب الطوبولوجي)
993_حواشي_اليوسي|012.16 → 999_شرح_السلم|003.04 | rule=tag_chain conf=0.7 | 993_حواشي_اليوسي ← 999_شرح_السلم | تكوّن دورة (تعطّل الترتيب الطوبولوجي)
993_حواشي_اليوسي|012.16 → 999_شرح_السلم|003.07 | rule=tag_chain conf=0.7 | 993_حواشي_اليوسي ← 999_شرح_السلم | تكوّن دورة (تعطّل الترتيب الطوبولوجي)
993_حواشي_اليوسي|012.16 → 999_شرح_السلم|003.08 | rule=tag_chain conf=0.7 | 993_حواشي_اليوسي ← 999_شرح_السلم | تكوّن دورة (تعطّل الترتيب الطوبولوجي)
993_حواشي_اليوسي|012.16 → 999_شرح_السلم|003.09 | rule=tag_chain conf=0.7 | 993_حواشي_اليوسي ← 999_شرح_السلم | تكوّن دورة (تعطّل الترتيب الطوبولوجي)
993_حواشي_اليوسي|012.16 → 999_شرح_السلم|003.10 | rule=tag_chain conf=0.7 | 993_حواشي_اليوسي ← 999_شرح_السلم | تكوّن دورة (تعطّل الترتيب الطوبولوجي)
993_حواشي_اليوسي|012.16 → 999_شرح_السلم|003.12 | rule=tag_chain conf=0.7 | 993_حواشي_اليوسي ← 999_شرح_السلم | تكوّن دورة (تعطّل الترتيب الطوبولوجي)
993_حواشي_اليوسي|012.16 → 999_شرح_السلم|003.13 | rule=tag_chain conf=0.7 | 993_حواشي_اليوسي ← 999_شرح_السلم | تكوّن دورة (تعطّل الترتيب الطوبولوجي)
993_حواشي_اليوسي|012.16 → 999_شرح_السلم|003.15 | rule=tag_chain conf=0.7 | 993_حواشي_اليوسي ← 999_شرح_السلم | تكوّن دورة (تعطّل الترتيب الطوبولوجي)
993_حواشي_اليوسي|012.16 → 999_شرح_السلم|003.16 | rule=tag_chain conf=0.7 | 993_حواشي_اليوسي ← 999_شرح_السلم | تكوّن دورة (تعطّل الترتيب الطوبولوجي)
993_حواشي_اليوسي|012.16 → 999_شرح_السلم|005.03 | rule=tag_chain conf=0.7 | 993_حواشي_اليوسي ← 999_شرح_السلم | تكوّن دورة (تعطّل الترتيب الطوبولوجي)
993_حواشي_اليوسي|012.16 → 999_شرح_السلم|005.05 | rule=tag_chain conf=0.7 | 993_حواشي_اليوسي ← 999_شرح_السلم | تكوّن دورة (تعطّل الترتيب الطوبولوجي)
993_حواشي_اليوسي|012.16 → 999_شرح_السلم|005.06 | rule=tag_chain conf=0.7 | 993_حواشي_اليوسي ← 999_شرح_السلم | تكوّن دورة (تعطّل الترتيب الطوبولوجي)
993_حواشي_اليوسي|012.16 → 999_شرح_السلم|005.07 | rule=tag_chain conf=0.7 | 993_حواشي_اليوسي ← 999_شرح_السلم | تكوّن دورة (تعطّل الترتيب الطوبولوجي)
993_حواشي_اليوسي|012.16 → 999_شرح_السلم|005.09 | rule=tag_chain conf=0.7 | 993_حواشي_اليوسي ← 999_شرح_السلم | تكوّن دورة (تعطّل الترتيب الطوبولوجي)
993_حواشي_اليوسي|012.16 → 999_شرح_السلم|005.10 | rule=tag_chain conf=0.7 | 993_حواشي_اليوسي ← 999_شرح_السلم | تكوّن دورة (تعطّل الترتيب الطوبولوجي)
993_حواشي_اليوسي|012.16 → 999_شرح_السلم|005.11 | rule=tag_chain conf=0.7 | 993_حواشي_اليوسي ← 999_شرح_السلم | تكوّن دورة (تعطّل الترتيب الطوبولوجي)
993_حواشي_اليوسي|012.16 → 999_شرح_السلم|005.12 | rule=tag_chain conf=0.7 | 993_حواشي_اليوسي ← 999_شرح_السلم | تكوّن دورة (تعطّل الترتيب الطوبولوجي)
993_حواشي_اليوسي|012.16 → 999_شرح_السلم|005.13 | rule=tag_chain conf=0.7 | 993_حواشي_اليوسي ← 999_شرح_السلم | تكوّن دورة (تعطّل الترتيب الطوبولوجي)
993_حواشي_اليوسي|012.16 → 999_شرح_السلم|005.16 | rule=tag_chain conf=0.7 | 993_حواشي_اليوسي ← 999_شرح_السلم | تكوّن دورة (تعطّل الترتيب الطوبولوجي)
993_حواشي_اليوسي|012.16 → 999_شرح_السلم|005.17 | rule=tag_chain conf=0.7 | 993_حواشي_اليوسي ← 999_شرح_السلم | تكوّن دورة (تعطّل الترتيب الطوبولوجي)
993_حواشي_اليوسي|012.16 → 999_شرح_السلم|006.04 | rule=tag_chain conf=0.7 | 993_حواشي_اليوسي ← 999_شرح_السلم | تكوّن دورة (تعطّل الترتيب الطوبولوجي)
993_حواشي_اليوسي|012.16 → 999_شرح_السلم|006.06 | rule=tag_chain conf=0.7 | 993_حواشي_اليوسي ← 999_شرح_السلم | تكوّن دورة (تعطّل الترتيب الطوبولوجي)
993_حواشي_اليوسي|012.16 → 999_شرح_السلم|006.11 | rule=tag_chain conf=0.7 | 993_حواشي_اليوسي ← 999_شرح_السلم | تكوّن دورة (تعطّل الترتيب الطوبولوجي)
993_حواشي_اليوسي|012.16 → 999_شرح_السلم|006.12 | rule=tag_chain conf=0.7 | 993_حواشي_اليوسي ← 999_شرح_السلم | تكوّن دورة (تعطّل الترتيب الطوبولوجي)
993_حواشي_اليوسي|012.16 → 999_شرح_السلم|006.15 | rule=tag_chain conf=0.7 | 993_حواشي_اليوسي ← 999_شرح_السلم | تكوّن دورة (تعطّل الترتيب الطوبولوجي)
993_حواشي_اليوسي|012.16 → 999_شرح_السلم|006.16 | rule=tag_chain conf=0.7 | 993_حواشي_اليوسي ← 999_شرح_السلم | تكوّن دورة (تعطّل الترتيب الطوبولوجي)
993_حواشي_اليوسي|012.16 → 999_شرح_السلم|006.17 | rule=tag_chain conf=0.7 | 993_حواشي_اليوسي ← 999_شرح_السلم | تكوّن دورة (تعطّل الترتيب الطوبولوجي)
993_حواشي_اليوسي|012.16 → 999_شرح_السلم|006.20 | rule=tag_chain conf=0.7 | 993_حواشي_اليوسي ← 999_شرح_السلم | تكوّن دورة (تعطّل الترتيب الطوبولوجي)
993_حواشي_اليوسي|012.16 → 999_شرح_السلم|007.02 | rule=tag_chain conf=0.7 | 993_حواشي_اليوسي ← 999_شرح_السلم | تكوّن دورة (تعطّل الترتيب الطوبولوجي)
993_حواشي_اليوسي|012.16 → 999_شرح_السلم|007.03 | rule=tag_chain conf=0.7 | 993_حواشي_اليوسي ← 999_شرح_السلم | تكوّن دورة (تعطّل الترتيب الطوبولوجي)
993_حواشي_اليوسي|012.16 → 999_شرح_السلم|007.12 | rule=tag_chain conf=0.7 | 993_حواشي_اليوسي ← 999_شرح_السلم | تكوّن دورة (تعطّل الترتيب الطوبولوجي)
993_حواشي_اليوسي|012.16 → 999_شرح_السلم|008.03 | rule=tag_chain conf=0.7 | 993_حواشي_اليوسي ← 999_شرح_السلم | تكوّن دورة (تعطّل الترتيب الطوبولوجي)
993_حواشي_اليوسي|012.16 → 999_شرح_السلم|008.04 | rule=tag_chain conf=0.7 | 993_حواشي_اليوسي ← 999_شرح_السلم | تكوّن دورة (تعطّل الترتيب الطوبولوجي)
993_حواشي_اليوسي|012.16 → 999_شرح_السلم|008.05 | rule=tag_chain conf=0.7 | 993_حواشي_اليوسي ← 999_شرح_السلم | تكوّن دورة (تعطّل الترتيب الطوبولوجي)
993_حواشي_اليوسي|012.16 → 999_شرح_السلم|008.07 | rule=tag_chain conf=0.7 | 993_حواشي_اليوسي ← 999_شرح_السلم | تكوّن دورة (تعطّل الترتيب الطوبولوجي)
993_حواشي_اليوسي|012.16 → 999_شرح_السلم|008.09 | rule=tag_chain conf=0.7 | 993_حواشي_اليوسي ← 999_شرح_السلم | تكوّن دورة (تعطّل الترتيب الطوبولوجي)
993_حواشي_اليوسي|012.16 → 999_شرح_السلم|008.12 | rule=tag_chain conf=0.7 | 993_حواشي_اليوسي ← 999_شرح_السلم | تكوّن دورة (تعطّل الترتيب الطوبولوجي)
993_حواشي_اليوسي|012.16 → 999_شرح_السلم|008.13 | rule=tag_chain conf=0.7 | 993_حواشي_اليوسي ← 999_شرح_السلم | تكوّن دورة (تعطّل الترتيب الطوبولوجي)
993_حواشي_اليوسي|012.16 → 999_شرح_السلم|008.15 | rule=tag_chain conf=0.7 | 993_حواشي_اليوسي ← 999_شرح_السلم | تكوّن دورة (تعطّل الترتيب الطوبولوجي)
993_حواشي_اليوسي|012.16 → 999_شرح_السلم|009.02 | rule=tag_chain conf=0.7 | 993_حواشي_اليوسي ← 999_شرح_السلم | تكوّن دورة (تعطّل الترتيب الطوبولوجي)
993_حواشي_اليوسي|012.16 → 999_شرح_السلم|009.04 | rule=tag_chain conf=0.7 | 993_حواشي_اليوسي ← 999_شرح_السلم | تكوّن دورة (تعطّل الترتيب الطوبولوجي)
993_حواشي_اليوسي|012.16 → 999_شرح_السلم|009.05 | rule=tag_chain conf=0.7 | 993_حواشي_اليوسي ← 999_شرح_السلم | تكوّن دورة (تعطّل الترتيب الطوبولوجي)
993_حواشي_اليوسي|012.16 → 999_شرح_السلم|009.18 | rule=tag_chain conf=0.7 | 993_حواشي_اليوسي ← 999_شرح_السلم | تكوّن دورة (تعطّل الترتيب الطوبولوجي)
993_حواشي_اليوسي|012.16 → 999_شرح_السلم|009.19 | rule=tag_chain conf=0.7 | 993_حواشي_اليوسي ← 999_شرح_السلم | تكوّن دورة (تعطّل الترتيب الطوبولوجي)
993_حواشي_اليوسي|016.13 → 999_شرح_السلم|001.07 | rule=tag_chain conf=0.7 | 993_حواشي_اليوسي ← 999_شرح_السلم | تكوّن دورة (تعطّل الترتيب الطوبولوجي)
993_حواشي_اليوسي|016.13 → 999_شرح_السلم|001.08 | rule=tag_chain conf=0.7 | 993_حواشي_اليوسي ← 999_شرح_السلم | تكوّن دورة (تعطّل الترتيب الطوبولوجي)
993_حواشي_اليوسي|016.13 → 999_شرح_السلم|001.12 | rule=tag_chain conf=0.7 | 993_حواشي_اليوسي ← 999_شرح_السلم | تكوّن دورة (تعطّل الترتيب الطوبولوجي)
993_حواشي_اليوسي|016.13 → 999_شرح_السلم|002.14 | rule=tag_chain conf=0.7 | 993_حواشي_اليوسي ← 999_شرح_السلم | تكوّن دورة (تعطّل الترتيب الطوبولوجي)
993_حواشي_اليوسي|016.13 → 999_شرح_السلم|003.11 | rule=tag_chain conf=0.7 | 993_حواشي_اليوسي ← 999_شرح_السلم | تكوّن دورة (تعطّل الترتيب الطوبولوجي)
993_حواشي_اليوسي|016.13 → 999_شرح_السلم|004.03 | rule=tag_chain conf=0.7 | 993_حواشي_اليوسي ← 999_شرح_السلم | تكوّن دورة (تعطّل الترتيب الطوبولوجي)
993_حواشي_اليوسي|016.13 → 999_شرح_السلم|004.04 | rule=tag_chain conf=0.7 | 993_حواشي_اليوسي ← 999_شرح_السلم | تكوّن دورة (تعطّل الترتيب الطوبولوجي)
993_حواشي_اليوسي|016.13 → 999_شرح_السلم|004.05 | rule=tag_chain conf=0.7 | 993_حواشي_اليوسي ← 999_شرح_السلم | تكوّن دورة (تعطّل الترتيب الطوبولوجي)
993_حواشي_اليوسي|016.13 → 999_شرح_السلم|004.06 | rule=tag_chain conf=0.7 | 993_حواشي_اليوسي ← 999_شرح_السلم | تكوّن دورة (تعطّل الترتيب الطوبولوجي)
993_حواشي_اليوسي|016.13 → 999_شرح_السلم|004.07 | rule=tag_chain conf=0.7 | 993_حواشي_اليوسي ← 999_شرح_السلم | تكوّن دورة (تعطّل الترتيب الطوبولوجي)
993_حواشي_اليوسي|016.13 → 999_شرح_السلم|005.14 | rule=tag_chain conf=0.7 | 993_حواشي_اليوسي ← 999_شرح_السلم | تكوّن دورة (تعطّل الترتيب الطوبولوجي)
993_حواشي_اليوسي|016.13 → 999_شرح_السلم|005.15 | rule=tag_chain conf=0.7 | 993_حواشي_اليوسي ← 999_شرح_السلم | تكوّن دورة (تعطّل الترتيب الطوبولوجي)
993_حواشي_اليوسي|016.13 → 999_شرح_السلم|006.02 | rule=tag_chain conf=0.7 | 993_حواشي_اليوسي ← 999_شرح_السلم | تكوّن دورة (تعطّل الترتيب الطوبولوجي)
993_حواشي_اليوسي|016.13 → 999_شرح_السلم|007.04 | rule=tag_chain conf=0.7 | 993_حواشي_اليوسي ← 999_شرح_السلم | تكوّن دورة (تعطّل الترتيب الطوبولوجي)
993_حواشي_اليوسي|016.13 → 999_شرح_السلم|007.05 | rule=tag_chain conf=0.7 | 993_حواشي_اليوسي ← 999_شرح_السلم | تكوّن دورة (تعطّل الترتيب الطوبولوجي)
993_حواشي_اليوسي|016.13 → 999_شرح_السلم|007.07 | rule=tag_chain conf=0.7 | 993_حواشي_اليوسي ← 999_شرح_السلم | تكوّن دورة (تعطّل الترتيب الطوبولوجي)
993_حواشي_اليوسي|016.13 → 999_شرح_السلم|007.09 | rule=tag_chain conf=0.7 | 993_حواشي_اليوسي ← 999_شرح_السلم | تكوّن دورة (تعطّل الترتيب الطوبولوجي)
993_حواشي_اليوسي|016.13 → 999_شرح_السلم|007.10 | rule=tag_chain conf=0.7 | 993_حواشي_اليوسي ← 999_شرح_السلم | تكوّن دورة (تعطّل الترتيب الطوبولوجي)
993_حواشي_اليوسي|016.13 → 999_شرح_السلم|007.11 | rule=tag_chain conf=0.7 | 993_حواشي_اليوسي ← 999_شرح_السلم | تكوّن دورة (تعطّل الترتيب الطوبولوجي)
993_حواشي_اليوسي|016.13 → 999_شرح_السلم|008.06 | rule=tag_chain conf=0.7 | 993_حواشي_اليوسي ← 999_شرح_السلم | تكوّن دورة (تعطّل الترتيب الطوبولوجي)
993_حواشي_اليوسي|016.13 → 999_شرح_السلم|008.08 | rule=tag_chain conf=0.7 | 993_حواشي_اليوسي ← 999_شرح_السلم | تكوّن دورة (تعطّل الترتيب الطوبولوجي)
993_حواشي_اليوسي|016.13 → 999_شرح_السلم|008.10 | rule=tag_chain conf=0.7 | 993_حواشي_اليوسي ← 999_شرح_السلم | تكوّن دورة (تعطّل الترتيب الطوبولوجي)
993_حواشي_اليوسي|016.13 → 999_شرح_السلم|008.11 | rule=tag_chain conf=0.7 | 993_حواشي_اليوسي ← 999_شرح_السلم | تكوّن دورة (تعطّل الترتيب الطوبولوجي)
993_حواشي_اليوسي|016.13 → 999_شرح_السلم|008.14 | rule=tag_chain conf=0.7 | 993_حواشي_اليوسي ← 999_شرح_السلم | تكوّن دورة (تعطّل الترتيب الطوبولوجي)
993_حواشي_اليوسي|016.13 → 999_شرح_السلم|008.16 | rule=tag_chain conf=0.7 | 993_حواشي_اليوسي ← 999_شرح_السلم | تكوّن دورة (تعطّل الترتيب الطوبولوجي)
993_حواشي_اليوسي|016.13 → 999_شرح_السلم|008.17 | rule=tag_chain conf=0.7 | 993_حواشي_اليوسي ← 999_شرح_السلم | تكوّن دورة (تعطّل الترتيب الطوبولوجي)
993_حواشي_اليوسي|016.13 → 999_شرح_السلم|009.06 | rule=tag_chain conf=0.7 | 993_حواشي_اليوسي ← 999_شرح_السلم | تكوّن دورة (تعطّل الترتيب الطوبولوجي)
993_حواشي_اليوسي|016.13 → 999_شرح_السلم|009.08 | rule=tag_chain conf=0.7 | 993_حواشي_اليوسي ← 999_شرح_السلم | تكوّن دورة (تعطّل الترتيب الطوبولوجي)
767_دورة النحو المستوى الأول|009.06 → 767_دورة النحو المستوى الأول|009.05 | rule=kind_anchor conf=0.8 | 767_دورة النحو المستوى الأول ← 767_دورة النحو المستوى الأول | تكوّن دورة (تعطّل الترتيب الطوبولوجي)
