20:17:45 الحلقة بدأت — عتبة 20 إجابة، آخر عدد 0
20:17:45 الحلقة بدأت — عتبة 20 إجابة، آخر عدد 0
20:17:46 أُرسلت 76 إجابة للمحلل (إجمالي 76)
20:17:46 أُرسلت 76 إجابة للمحلل (إجمالي 76)
20:18:35 الحلقة بدأت — عتبة 20 إجابة، آخر عدد 76
20:18:35 الحلقة بدأت — عتبة 20 إجابة، آخر عدد 76
20:32:37 أُرسلت 20 إجابة للمحلل (إجمالي 96)
20:32:37 أُرسلت 20 إجابة للمحلل (إجمالي 96)
20:33:30 نُشرت جولة g: 26 بطاقة (ntfy 26)
20:33:30 نُشرت جولة g: 26 بطاقة (ntfy 26)
21:22:01 الحلقة بدأت — عتبة 20 إجابة، آخر عدد 96
21:22:01 الحلقة بدأت — عتبة 20 إجابة، آخر عدد 96
23:25:57 الحلقة بدأت — عتبة 20 إجابة، آخر عدد 96
23:25:57 الحلقة بدأت — عتبة 20 إجابة، آخر عدد 96
00:32:54 الحلقة بدأت — عتبة 20 إجابة، آخر عدد 96
00:32:54 الحلقة بدأت — عتبة 20 إجابة، آخر عدد 96
08:43:38 الحلقة بدأت — عتبة 20 إجابة، آخر عدد 96
08:43:38 الحلقة بدأت — عتبة 20 إجابة، آخر عدد 96
13:16:00 أُرسلت 21 إجابة للمحلل (إجمالي 117، منتظر 36، مساحة 19)
13:16:00 أُرسلت 21 إجابة للمحلل (إجمالي 117، منتظر 36، مساحة 19)
13:22:08 نُشرت جولة h: 18 بطاقة (ntfy 18)
13:22:08 نُشرت جولة h: 18 بطاقة (ntfy 18)
